{
  "version": "1.5.0",
  "plugins_used": [
    {
      "name": "ArtifactoryDetector"
    },
    {
      "name": "AWSKeyDetector"
    },
    {
      "name": "AzureStorageKeyDetector"
    },
    {
      "name": "Base64HighEntropyString",
      "limit": 4.5
    },
    {
      "name": "BasicAuthDetector"
    },
    {
      "name": "CloudantDetector"
    },
    {
      "name": "DiscordBotTokenDetector"
    },
    {
      "name": "GitHubTokenDetector"
    },
    {
      "name": "GitLabTokenDetector"
    },
    {
      "name": "HexHighEntropyString",
      "limit": 3.0
    },
    {
      "name": "IbmCloudIamDetector"
    },
    {
      "name": "IbmCosHmacDetector"
    },
    {
      "name": "IPPublicDetector"
    },
    {
      "name": "JwtTokenDetector"
    },
    {
      "name": "KeywordDetector",
      "keyword_exclude": ""
    },
    {
      "name": "MailchimpDetector"
    },
    {
      "name": "NpmDetector"
    },
    {
      "name": "OpenAIDetector"
    },
    {
      "name": "PrivateKeyDetector"
    },
    {
      "name": "PypiTokenDetector"
    },
    {
      "name": "SendGridDetector"
    },
    {
      "name": "SlackDetector"
    },
    {
      "name": "SoftlayerDetector"
    },
    {
      "name": "SquareOAuthDetector"
    },
    {
      "name": "StripeDetector"
    },
    {
      "name": "TelegramBotTokenDetector"
    },
    {
      "name": "TwilioKeyDetector"
    }
  ],
  "filters_used": [
    {
      "path": "detect_secrets.filters.allowlist.is_line_allowlisted"
    },
    {
      "path": "detect_secrets.filters.common.is_baseline_file",
      "filename": ".secrets.baseline"
    },
    {
      "path": "detect_secrets.filters.common.is_ignored_due_to_verification_policies",
      "min_level": 2
    },
    {
      "path": "detect_secrets.filters.heuristic.is_indirect_reference"
    },
    {
      "path": "detect_secrets.filters.heuristic.is_likely_id_string"
    },
    {
      "path": "detect_secrets.filters.heuristic.is_lock_file"
    },
    {
      "path": "detect_secrets.filters.heuristic.is_not_alphanumeric_string"
    },
    {
      "path": "detect_secrets.filters.heuristic.is_potential_uuid"
    },
    {
      "path": "detect_secrets.filters.heuristic.is_prefixed_with_dollar_sign"
    },
    {
      "path": "detect_secrets.filters.heuristic.is_sequential_string"
    },
    {
      "path": "detect_secrets.filters.heuristic.is_swagger_file"
    },
    {
      "path": "detect_secrets.filters.heuristic.is_templated_secret"
    },
    {
      "path": "detect_secrets.filters.regex.should_exclude_file",
      "pattern": [
        "\\.venv/.*",
        "\\.ash/.*",
        "cdk\\.out/.*",
        "\\.git/.*",
        "\\.pytest_cache/.*"
      ]
    }
  ],
  "results": {
    "docs/presentation.html": [
      {
        "type": "Base64 High Entropy String",
        "filename": "docs/presentation.html",
        "hashed_secret": "6a50eaadc09470916135ca447111f53e1fdbc6f5",
        "is_verified": false,
        "line_number": 7,
        "is_secret": false
      },
      {
        "type": "Base64 High Entropy String",
        "filename": "docs/presentation.html",
        "hashed_secret": "80a2e630fddad0d6555ebf1f7e42403bf8373485",
        "is_verified": false,
        "line_number": 8,
        "is_secret": false
      },
      {
        "type": "Base64 High Entropy String",
        "filename": "docs/presentation.html",
        "hashed_secret": "b217fa5abc496e764d3d36d36a8d4aa939c1d3e4",
        "is_verified": false,
        "line_number": 9,
        "is_secret": false
      },
      {
        "type": "Base64 High Entropy String",
        "filename": "docs/presentation.html",
        "hashed_secret": "3bcc4a97a0f907badf7228fe289ca3cf5ecea00d",
        "is_verified": false,
        "line_number": 897,
        "is_secret": false
      }
    ]
  },
  "generated_at": "2026-08-21T21:29:39Z"
}
